../Core/Src/main.c:83:5:main	72	static
../Core/Src/main.c:145:6:SystemClock_Config	88	static
../Core/Src/main.c:186:13:MX_ADC1_Init	24	static
../Core/Src/main.c:262:13:MX_I2C2_Init	8	static
../Core/Src/main.c:310:13:MX_SPI2_Init	8	static
../Core/Src/main.c:350:13:MX_TIM3_Init	64	static
../Core/Src/main.c:399:13:MX_USART2_UART_Init	8	static
../Core/Src/main.c:433:13:MX_DMA_Init	16	static
../Core/Src/main.c:451:13:MX_GPIO_Init	48	static
../Core/Src/main.c:513:6:Error_Handler	8	static,ignoring_inline_asm
